L'expression régulière à analyser est : (ab)|(bcc)
L'arbre a 11 noeuds.
iter 1, curr_char: a


iter 2, curr_char: b


iter 3, curr_char: )


iter 4, curr_char: |


iter 5, curr_char: (


iter 6, curr_char: b


iter 7, curr_char: c


iter 8, curr_char: c


iter 9, curr_char: )


Node 0:
  index: 0
  value: a
  parent: .
  left_child:  
  right_child:  

Node 1:
  index: 1
  value: b
  parent: .
  left_child:  
  right_child:  

Node 2:
  index: 2
  value: .
  parent: )
  left_child: a
  right_child: b

Node 3:
  index: 3
  value: )
  parent: |
  left_child: .
  right_child:  

Node 4:
  index: 4
  value: b
  parent: .
  left_child:  
  right_child:  

Node 5:
  index: 5
  value: c
  parent: .
  left_child:  
  right_child:  

Node 6:
  index: 6
  value: .
  parent: .
  left_child: b
  right_child: c

Node 7:
  index: 7
  value: c
  parent: .
  left_child:  
  right_child:  

Node 8:
  index: 8
  value: .
  parent: )
  left_child: .
  right_child: c

Node 9:
  index: 9
  value: )
  parent: |
  left_child: .
  right_child:  

Node 10:
  index: 10
  value: |
  parent:  
  left_child: )
  right_child: )

Leaf 0: a
index_initial[0] = 0
index_final[0] = 0
index_initial[1] = 0
index_final[1] = 1
Leaf 1: b
index_initial[0] = 0
index_final[0] = 1
index_initial[1] = 2
index_final[1] = 3
Leaf 2: .
index_initial[0] = 2
index_final[0] = 3
index_initial[1] = 2
index_final[1] = 3
Leaf 3: )
Leaf 4: b
index_initial[0] = 2
index_final[0] = 3
index_initial[1] = 4
index_final[1] = 5
Leaf 5: c
index_initial[0] = 4
index_final[0] = 5
index_initial[1] = 6
index_final[1] = 7
Leaf 6: .
index_initial[0] = 6
index_final[0] = 7
index_initial[1] = 6
index_final[1] = 7
Leaf 7: c
index_initial[0] = 6
index_final[0] = 7
index_initial[1] = 8
index_final[1] = 9
Leaf 8: .
index_initial[0] = 8
index_final[0] = 9
index_initial[1] = 8
index_final[1] = 9
Leaf 9: )
Leaf 10: |
index_initial[0] = 8
index_final[0] = 9
index_initial[1] = 0
index_final[1] = 11
State 1:#I
  out:
     2(a)

State 2:##
  out:
     3(@)

State 3:##
  out:
     4(b)

State 4:F#
  out:
    

State 5:#I
  out:
     6(b)

State 6:##
  out:
     7(@)

State 7:##
  out:
     8(c)

State 8:##
  out:
     9(@)

State 9:##
  out:
     10(c)

State 10:##
  out:
     11(#) 11(#)

State 0:#I
  out:
     9(#) 9(#)

State 11:F#
  out:
    

Transition 0(a):
 1    2


Transition 1(b):
 3    4


Transition 2(@):
 2    3


Transition 3(b):
 5    6


Transition 4(c):
 7    8


Transition 5(@):
 6    7


Transition 6(c):
 9    10


Transition 7(@):
 8    9


Transition 8(#):
 0    9


Transition 9(#):
 0    9


Transition 10(#):
 10    11


Transition 11(#):
 10    11


