L'expression régulière à analyser est : (c|b)
L'arbre a 4 noeuds.
Leaf 0: c
index_initial[0] = 0
index_final[0] = 0
index_initial[1] = 0
index_final[1] = 1
Leaf 1: b
index_initial[0] = 0
index_final[0] = 1
index_initial[1] = 2
index_final[1] = 3
Leaf 2: |
index_initial[0] = 2
index_final[0] = 3
index_initial[1] = 0
index_final[1] = 6
Leaf 3: )
State 1:  
  out:
     2(c)

State 2:  
  out:
     6( )

State 3:  
  out:
     4(b)

State 4:  
  out:
     6( )

State 6:F 
  out:
    

State 0: I
  out:
     1( ) 3( )

Transition 0(c):
 1    2


Transition 1(b):
 3    4


Transition 2( ):
 0    1


Transition 3( ):
 0    3


Transition 4( ):
 2    6


Transition 5( ):
 4    6


